\set ECHO none
1..1
ok 1 - range__create from current_date +/- 1
# TRANSACTION INTENTIONALLY LEFT OPEN!
